Archive member included to satisfy reference by file (symbol)

/home/lee/fsl-release-bsp/build-x11/tmp/sysroots/imx6dlsabresd/usr/lib/arm-poky-linux-gnueabi/5.3.0/libgcc.a(_udivsi3.o)
                              arch/arm/cpu/armv7/built-in.o (__aeabi_uidiv)
/home/lee/fsl-release-bsp/build-x11/tmp/sysroots/imx6dlsabresd/usr/lib/arm-poky-linux-gnueabi/5.3.0/libgcc.a(_divsi3.o)
                              cmd/built-in.o (__aeabi_idiv)
/home/lee/fsl-release-bsp/build-x11/tmp/sysroots/imx6dlsabresd/usr/lib/arm-poky-linux-gnueabi/5.3.0/libgcc.a(_lshrdi3.o)
                              fs/built-in.o (__aeabi_llsr)
/home/lee/fsl-release-bsp/build-x11/tmp/sysroots/imx6dlsabresd/usr/lib/arm-poky-linux-gnueabi/5.3.0/libgcc.a(_ashldi3.o)
                              drivers/mmc/built-in.o (__aeabi_llsl)
/home/lee/fsl-release-bsp/build-x11/tmp/sysroots/imx6dlsabresd/usr/lib/arm-poky-linux-gnueabi/5.3.0/libgcc.a(_dvmd_lnx.o)
                              /home/lee/fsl-release-bsp/build-x11/tmp/sysroots/imx6dlsabresd/usr/lib/arm-poky-linux-gnueabi/5.3.0/libgcc.a(_udivsi3.o) (__aeabi_idiv0)

Discarded input sections

 .data          0x0000000000000000        0x0 arch/arm/cpu/armv7/start.o
 .bss           0x0000000000000000        0x0 arch/arm/cpu/armv7/start.o
 .text.v7_outer_cache_enable
                0x0000000000000000        0x4 arch/arm/cpu/armv7/built-in.o
 .text.v7_outer_cache_disable
                0x0000000000000000        0x4 arch/arm/cpu/armv7/built-in.o
 .text.v7_outer_cache_flush_all
                0x0000000000000000        0x4 arch/arm/cpu/armv7/built-in.o
 .text.v7_outer_cache_inval_all
                0x0000000000000000        0x4 arch/arm/cpu/armv7/built-in.o
 .text.v7_outer_cache_flush_range
                0x0000000000000000        0x4 arch/arm/cpu/armv7/built-in.o
 .text.v7_outer_cache_inval_range
                0x0000000000000000        0x4 arch/arm/cpu/armv7/built-in.o
 .text.v7_arch_cp15_set_l2aux_ctrl
                0x0000000000000000        0x8 arch/arm/cpu/armv7/built-in.o
 .text.v7_arch_cp15_set_acr
                0x0000000000000000        0x8 arch/arm/cpu/armv7/built-in.o
 .text.sdelay   0x0000000000000000        0xc arch/arm/cpu/armv7/built-in.o
 .text.wait_on_value
                0x0000000000000000       0x34 arch/arm/cpu/armv7/built-in.o
 .text.board_mmc_get_env_dev
                0x0000000000000000        0x8 arch/arm/cpu/armv7/built-in.o
 .text.get_boot_device
                0x0000000000000000       0x9c arch/arm/cpu/armv7/built-in.o
 .text.imx_enable_hdmi_phy
                0x0000000000000000       0x4c arch/arm/cpu/armv7/built-in.o
 .text.set_arm_freq_400M
                0x0000000000000000       0x2c arch/arm/cpu/armv7/built-in.o
 .text.enable_enet_clk
                0x0000000000000000       0x64 arch/arm/cpu/armv7/built-in.o
 .text.enable_uart_clk
                0x0000000000000000       0x54 arch/arm/cpu/armv7/built-in.o
 .text.enable_usdhc_clk
                0x0000000000000000       0x4c arch/arm/cpu/armv7/built-in.o
 .text.enable_spi_clk
                0x0000000000000000       0x44 arch/arm/cpu/armv7/built-in.o
 .data          0x0000000000000000        0x0 arch/arm/cpu/armv7/built-in.o
 .bss           0x0000000000000000        0x0 arch/arm/cpu/armv7/built-in.o
 .text          0x0000000000000000        0x0 arch/arm/imx-common/built-in.o
 .text.get_imx_reset_cause
                0x0000000000000000       0x10 arch/arm/imx-common/built-in.o
 .text.set_chipselect_size
                0x0000000000000000       0x84 arch/arm/imx-common/built-in.o
 .text.mxs_wait_mask_set
                0x0000000000000000       0x3c arch/arm/imx-common/built-in.o
 .text.mxs_wait_mask_clr
                0x0000000000000000       0x3c arch/arm/imx-common/built-in.o
 .text.mxs_reset_block
                0x0000000000000000       0x90 arch/arm/imx-common/built-in.o
 .text.detect_hdmi
                0x0000000000000000       0x18 arch/arm/imx-common/built-in.o
 .data          0x0000000000000000        0x0 arch/arm/imx-common/built-in.o
 .bss           0x0000000000000000        0x0 arch/arm/imx-common/built-in.o
 .text.reset_misc
                0x0000000000000000        0x4 arch/arm/lib/built-in.o
 .text.enable_caches
                0x0000000000000000        0xc arch/arm/lib/built-in.o
 .text.invalidate_dcache_range
                0x0000000000000000        0x4 arch/arm/lib/built-in.o
 .text.flush_dcache_range
                0x0000000000000000        0x4 arch/arm/lib/built-in.o
 .text.flush_dcache_all
                0x0000000000000000        0xc arch/arm/lib/built-in.o
 .text.arm_init_before_mmu
                0x0000000000000000        0x4 arch/arm/lib/built-in.o
 .text.mmu_page_table_flush
                0x0000000000000000        0x4 arch/arm/lib/built-in.o
 .rodata.pl310  0x0000000000000000        0x4 arch/arm/lib/built-in.o
 .data          0x0000000000000000        0x0 arch/arm/lib/built-in.o
 .__secure_start
                0x0000000000000000        0x0 arch/arm/lib/built-in.o
[...]
Memory Configuration

Name             Origin             Length             Attributes
*default*        0x0000000000000000 0xffffffffffffffff

Linker script and memory map

Address of section .text set to 0x17800000
                0x0000000000000000                . = 0x0
                0x0000000000000000                . = ALIGN (0x4)

.text           0x0000000017800000    0x4ab84
 *(.__image_copy_start)
 .__image_copy_start
                0x0000000017800000        0x0 arch/arm/lib/built-in.o
                0x0000000017800000                __image_copy_start
 *(.vectors)
 .vectors       0x0000000017800000      0x2e8 arch/arm/lib/built-in.o
                0x0000000017800000                _start
                0x0000000017800020                _undefined_instruction
                0x0000000017800024                _software_interrupt
                0x0000000017800028                _prefetch_abort
                0x000000001780002c                _data_abort
                0x0000000017800030                _not_used
                0x0000000017800034                _irq
                0x0000000017800038                _fiq
                0x0000000017800040                IRQ_STACK_START_IN
 arch/arm/cpu/armv7/start.o(.text*)
 .text          0x00000000178002e8       0xec arch/arm/cpu/armv7/start.o
                0x00000000178002e8                reset
                0x00000000178002ec                save_boot_params_ret
                0x0000000017800328                c_runtime_cpu_setup
                0x0000000017800338                save_boot_params
                0x000000001780033c                cpu_init_cp15
                0x00000000178003cc                cpu_init_crit
 *(.text*)
 .text          0x00000000178003d4       0x24 arch/arm/cpu/armv7/built-in.o
                0x00000000178003d4                lowlevel_init
 .text.v7_maint_dcache_all
                0x00000000178003f8       0xd0 arch/arm/cpu/armv7/built-in.o
 .text.invalidate_icache_all
                0x00000000178004c8       0x18 arch/arm/cpu/armv7/built-in.o
                0x00000000178004c8                invalidate_icache_all
 .text.flush_dcache_all
                0x00000000178004e0       0x14 arch/arm/cpu/armv7/built-in.o
                0x00000000178004e0                flush_dcache_all
 .text.invalidate_dcache_all
                0x00000000178004f4       0x14 arch/arm/cpu/armv7/built-in.o
                0x00000000178004f4                invalidate_dcache_all
 .text.arm_init_before_mmu
                0x0000000017800508       0x28 arch/arm/cpu/armv7/built-in.o
                0x0000000017800508                arm_init_before_mmu
 .text.flush_dcache_range
                0x0000000017800530       0x38 arch/arm/cpu/armv7/built-in.o
                0x0000000017800530                flush_dcache_range
 .text.mmu_page_table_flush
                0x0000000017800568       0x24 arch/arm/cpu/armv7/built-in.o
                0x0000000017800568                mmu_page_table_flush
 .text.invalidate_dcache_range
                0x000000001780058c       0xa8 arch/arm/cpu/armv7/built-in.o
                0x000000001780058c                invalidate_dcache_range
 .text.cpu_cache_initialization
                0x0000000017800634        0x4 arch/arm/cpu/armv7/built-in.o
                0x0000000017800634                cpu_cache_initialization
 .text.cleanup_before_linux_select
                0x0000000017800638       0x4c arch/arm/cpu/armv7/built-in.o
                0x0000000017800638                cleanup_before_linux_select
 .text.cleanup_before_linux
                0x0000000017800684        0x8 arch/arm/cpu/armv7/built-in.o
                0x0000000017800684                cleanup_before_linux
 .text.get_nr_cpus
                0x000000001780068c       0x10 arch/arm/cpu/armv7/built-in.o
                0x000000001780068c                get_nr_cpus
 .text.get_cpu_rev
                0x000000001780069c       0x90 arch/arm/cpu/armv7/built-in.o
                0x000000001780069c                get_cpu_rev
 .text.set_ldo_voltage
                0x000000001780072c       0xd4 arch/arm/cpu/armv7/built-in.o
 .text.get_cpu_speed_grade_hz
                0x0000000017800800      0x128 arch/arm/cpu/armv7/built-in.o
                0x0000000017800800                get_cpu_speed_grade_hz
 .text.get_cpu_temp_grade
                0x0000000017800928       0x68 arch/arm/cpu/armv7/built-in.o
                0x0000000017800928                get_cpu_temp_grade
 .text.get_board_rev
                0x0000000017800990       0x40 arch/arm/cpu/armv7/built-in.o
                0x0000000017800990                get_board_rev
 .text.arch_cpu_init
                0x00000000178009d0      0x368 arch/arm/cpu/armv7/built-in.o
                0x00000000178009d0                arch_cpu_init
 .text.mmc_get_env_dev
                0x0000000017800d38       0x28 arch/arm/cpu/armv7/built-in.o
                0x0000000017800d38                mmc_get_env_dev
 .text.board_mmc_get_env_part
                0x0000000017800d60        0x8 arch/arm/cpu/armv7/built-in.o
                0x0000000017800d60                board_mmc_get_env_part
 .text.mmc_get_env_part
                0x0000000017800d68       0x28 arch/arm/cpu/armv7/built-in.o
                0x0000000017800d68                mmc_get_env_part
 .text.board_postclk_init
                0x0000000017800d90       0x28 arch/arm/cpu/armv7/built-in.o
                0x0000000017800d90                board_postclk_init
 .text.imx_get_mac_from_fuse
                0x0000000017800db8       0xb8 arch/arm/cpu/armv7/built-in.o
                0x0000000017800db8                imx_get_mac_from_fuse
 .text.set_wdog_reset
                0x0000000017800e70       0x18 arch/arm/cpu/armv7/built-in.o
                0x0000000017800e70                set_wdog_reset
 .text.reset_misc
                0x0000000017800e88        0x4 arch/arm/cpu/armv7/built-in.o
                0x0000000017800e88                reset_misc
 .text.s_init   0x0000000017800e8c       0xa8 arch/arm/cpu/armv7/built-in.o
                0x0000000017800e8c                s_init
 .text.imx_setup_hdmi
                0x0000000017800f34       0x78 arch/arm/cpu/armv7/built-in.o
                0x0000000017800f34                imx_setup_hdmi
 .text.check_ldo_bypass
                0x0000000017800fac       0x78 arch/arm/cpu/armv7/built-in.o
                0x0000000017800fac                check_ldo_bypass
 .text.check_1_2G
                0x0000000017801024       0x5c arch/arm/cpu/armv7/built-in.o
                0x0000000017801024                check_1_2G
 .text.prep_anatop_bypass
                0x0000000017801080       0x60 arch/arm/cpu/armv7/built-in.o
                0x0000000017801080                prep_anatop_bypass
 .text.set_anatop_bypass
                0x00000000178010e0       0x50 arch/arm/cpu/armv7/built-in.o
                0x00000000178010e0                set_anatop_bypass
 .text.finish_anatop_bypass
                0x0000000017801130       0x24 arch/arm/cpu/armv7/built-in.o
                0x0000000017801130                finish_anatop_bypass
 .text.get_ipg_clk
                0x0000000017801154       0x28 arch/arm/cpu/armv7/built-in.o
 .text.get_uart_clk
                0x000000001780117c       0xd8 arch/arm/cpu/armv7/built-in.o
 .text.config_lvds_clk
                0x0000000017801254      0x20c arch/arm/cpu/armv7/built-in.o
 .text.config_lvds_split_clk
                0x0000000017801460      0x20c arch/arm/cpu/armv7/built-in.o
 .text.mxc_get_pll_pfd
                0x000000001780166c       0xd4 arch/arm/cpu/armv7/built-in.o
 .text.get_usdhc_clk
                0x0000000017801740       0xe8 arch/arm/cpu/armv7/built-in.o
 .text.config_ipu_di_clk
                0x0000000017801828      0x240 arch/arm/cpu/armv7/built-in.o
 .text.enable_ocotp_clk
                0x0000000017801a68       0x24 arch/arm/cpu/armv7/built-in.o
                0x0000000017801a68                enable_ocotp_clk
 .text.enable_usboh3_clk
                0x0000000017801a8c       0x24 arch/arm/cpu/armv7/built-in.o
                0x0000000017801a8c                enable_usboh3_clk
 .text.enable_i2c_clk
                0x0000000017801ab0       0xd8 arch/arm/cpu/armv7/built-in.o
                0x0000000017801ab0                enable_i2c_clk
 .text.get_periph_clk
                0x0000000017801b88       0xdc arch/arm/cpu/armv7/built-in.o
                0x0000000017801b88                get_periph_clk
 .text.get_axi_clk
                0x0000000017801c64       0x4c arch/arm/cpu/armv7/built-in.o
 .text.display_clk_config
                0x0000000017801cb0       0xd8 arch/arm/cpu/armv7/built-in.o
                0x0000000017801cb0                display_clk_config
 .text.display_split_clk_config
                0x0000000017801d88       0x94 arch/arm/cpu/armv7/built-in.o
                0x0000000017801d88                display_split_clk_config
 .text.enable_fec_anatop_clock
                0x0000000017801e1c       0xf4 arch/arm/cpu/armv7/built-in.o
                0x0000000017801e1c                enable_fec_anatop_clock
 .text.imx_get_uartclk
                0x0000000017801f10        0x4 arch/arm/cpu/armv7/built-in.o
                0x0000000017801f10                imx_get_uartclk
 .text.enable_thermal_clk
                0x0000000017801f14       0x48 arch/arm/cpu/armv7/built-in.o
                0x0000000017801f14                enable_thermal_clk
 .text.mxc_get_clock
                0x0000000017801f5c      0x4bc arch/arm/cpu/armv7/built-in.o
                0x0000000017801f5c                mxc_get_clock
 .text.imx_get_fecclk
                0x0000000017802418        0x8 arch/arm/cpu/armv7/built-in.o
                0x0000000017802418                imx_get_fecclk
 .text.do_mx6_showclocks
                0x0000000017802420      0x24c arch/arm/cpu/armv7/built-in.o
                0x0000000017802420                do_mx6_showclocks
 .text.enable_ipu_clock
                0x000000001780266c       0x90 arch/arm/cpu/armv7/built-in.o
                0x000000001780266c                enable_ipu_clock
 .text.cpu_reset
                0x00000000178026fc       0x28 arch/arm/cpu/armv7/built-in.o
                0x00000000178026fc                cpu_reset
 .text.cpu_status
                0x0000000017802724       0x40 arch/arm/cpu/armv7/built-in.o
                0x0000000017802724                cpu_status
 .text.cpu_release
                0x0000000017802764       0x84 arch/arm/cpu/armv7/built-in.o
                0x0000000017802764                cpu_release
 .text.is_core_valid
                0x00000000178027e8       0x1c arch/arm/cpu/armv7/built-in.o
                0x00000000178027e8                is_core_valid
 .text.cpu_disable
                0x0000000017802804       0x28 arch/arm/cpu/armv7/built-in.o
                0x0000000017802804                cpu_disable
 .text.imx_iomux_v3_setup_pad
                0x000000001780282c       0xfc arch/arm/imx-common/built-in.o
                0x000000001780282c                imx_iomux_v3_setup_pad
 .text.imx_iomux_v3_setup_multiple_pads
                0x0000000017802928       0x2c arch/arm/imx-common/built-in.o
                0x0000000017802928                imx_iomux_v3_setup_multiple_pads
 .text.imx_iomux_set_gpr_register
                0x0000000017802954       0x3c arch/arm/imx-common/built-in.o
                0x0000000017802954                imx_iomux_set_gpr_register
 .text.imx_ddr_size
                0x0000000017802990       0x64 arch/arm/imx-common/built-in.o
                0x0000000017802990                imx_ddr_size
 .text.get_imx_type
                0x00000000178029f4       0x20 arch/arm/imx-common/built-in.o
                0x00000000178029f4                get_imx_type
 .text.print_cpuinfo
                0x0000000017802a14      0x230 arch/arm/imx-common/built-in.o
                0x0000000017802a14                print_cpuinfo
 .text.cpu_eth_init
                0x0000000017802c44        0x4 arch/arm/imx-common/built-in.o
                0x0000000017802c44                cpu_eth_init
 .text.cpu_mmc_init
                0x0000000017802c48        0x4 arch/arm/imx-common/built-in.o
                0x0000000017802c48                cpu_mmc_init
 .text.get_ahb_clk
                0x0000000017802c4c       0x24 arch/arm/imx-common/built-in.o
                0x0000000017802c4c                get_ahb_clk
 .text.arch_preboot_os
                0x0000000017802c70       0x10 arch/arm/imx-common/built-in.o
                0x0000000017802c70                arch_preboot_os
 .text.get_clocks
                0x0000000017802c80       0x1c arch/arm/imx-common/built-in.o
                0x0000000017802c80                get_clocks
 .text.force_idle_bus
                0x0000000017802c9c      0x1c4 arch/arm/imx-common/built-in.o
                0x0000000017802c9c                force_idle_bus
 .text.setup_i2c
                0x0000000017802e60       0xe4 arch/arm/imx-common/built-in.o
                0x0000000017802e60                setup_i2c
 .text.enable_caches
                0x0000000017802f44       0x34 arch/arm/imx-common/built-in.o
                0x0000000017802f44                enable_caches
 .text.v7_outer_cache_enable
                0x0000000017802f78       0x74 arch/arm/imx-common/built-in.o
                0x0000000017802f78                v7_outer_cache_enable
 .text.v7_outer_cache_disable
                0x0000000017802fec       0x18 arch/arm/imx-common/built-in.o
                0x0000000017802fec                v7_outer_cache_disable
 .text.init_aips
                0x0000000017803004       0xc0 arch/arm/imx-common/built-in.o
                0x0000000017803004                init_aips
 .text.imx_set_wdog_powerdown
                0x00000000178030c4       0xa0 arch/arm/imx-common/built-in.o
                0x00000000178030c4                imx_set_wdog_powerdown
 .text.init_src
                0x0000000017803164       0x18 arch/arm/imx-common/built-in.o
                0x0000000017803164                init_src
 .text.boot_mode_apply
                0x000000001780317c       0x24 arch/arm/imx-common/built-in.o
                0x000000001780317c                boot_mode_apply
 .text.board_video_skip
                0x00000000178031a0      0x19c arch/arm/imx-common/built-in.o
                0x00000000178031a0                board_video_skip
 .text.timer_init
                0x000000001780333c      0x198 arch/arm/imx-common/built-in.o
                0x000000001780333c                timer_init
 .text.timer_read_counter
                0x00000000178034d4       0x10 arch/arm/imx-common/built-in.o
                0x00000000178034d4                timer_read_counter
 .text.get_tbclk
                0x00000000178034e4       0xd0 arch/arm/imx-common/built-in.o
                0x00000000178034e4                get_tbclk
 .text.create_usage
                0x00000000178035b4       0xac arch/arm/imx-common/built-in.o
 .text.do_boot_mode
                0x0000000017803660       0xd4 arch/arm/imx-common/built-in.o
 .text.add_board_boot_modes
                0x0000000017803734       0x60 arch/arm/imx-common/built-in.o
                0x0000000017803734                add_board_boot_modes
 .text          0x0000000017803794       0x90 arch/arm/lib/built-in.o
                0x0000000017803794                _main
 .text.relocate_vectors
                0x0000000017803824       0x70 arch/arm/lib/built-in.o
                0x0000000017803824                relocate_vectors
                0x0000000017803830                relocate_code
 .text.arch_fixup_fdt
                0x0000000017803894       0x38 arch/arm/lib/built-in.o
                0x0000000017803894                arch_fixup_fdt
 .text.boot_jump_linux
                0x00000000178038cc       0xf8 arch/arm/lib/built-in.o
 .text.arch_lmb_reserve
                0x00000000178039c4       0x24 arch/arm/lib/built-in.o
                0x00000000178039c4                arch_lmb_reserve
 .text.setup_board_tags
                0x00000000178039e8        0x4 arch/arm/lib/built-in.o
                0x00000000178039e8                setup_board_tags
 .text.boot_prep_linux
                0x00000000178039ec      0x1d4 arch/arm/lib/built-in.o
 .text.do_bootm_linux
                0x0000000017803bc0       0x64 arch/arm/lib/built-in.o
                0x0000000017803bc0                do_bootm_linux
 .text.bootz_setup
                0x0000000017803c24       0x58 arch/arm/lib/built-in.o
                0x0000000017803c24                bootz_setup
 .text.boot_prep_vxworks
                0x0000000017803c7c       0x50 arch/arm/lib/built-in.o
                0x0000000017803c7c                boot_prep_vxworks
 .text.boot_jump_vxworks
                0x0000000017803ccc        0xc arch/arm/lib/built-in.o
                0x0000000017803ccc                boot_jump_vxworks
 .text.pl310_background_op_all_ways
                0x0000000017803cd8       0x38 arch/arm/lib/built-in.o
 .text.v7_outer_cache_inval_all
                0x0000000017803d10        0xc arch/arm/lib/built-in.o
                0x0000000017803d10                v7_outer_cache_inval_all
 .text.v7_outer_cache_flush_all
                0x0000000017803d1c        0xc arch/arm/lib/built-in.o
                0x0000000017803d1c                v7_outer_cache_flush_all
 .text.v7_outer_cache_flush_range
                0x0000000017803d28       0x30 arch/arm/lib/built-in.o
                0x0000000017803d28                v7_outer_cache_flush_range
 .text.v7_outer_cache_inval_range
                0x0000000017803d58       0x80 arch/arm/lib/built-in.o
                0x0000000017803d58                v7_outer_cache_inval_range
 .text.arch_reserve_stacks
                0x0000000017803dd8       0x1c arch/arm/lib/built-in.o
                0x0000000017803dd8                arch_reserve_stacks
 .text.interrupt_init
                0x0000000017803df4       0x1c arch/arm/lib/built-in.o
                0x0000000017803df4                interrupt_init
 .text.enable_interrupts
                0x0000000017803e10        0x4 arch/arm/lib/built-in.o
                0x0000000017803e10                enable_interrupts
 .text.disable_interrupts
                0x0000000017803e14        0x8 arch/arm/lib/built-in.o
                0x0000000017803e14                disable_interrupts
 .text.bad_mode
                0x0000000017803e1c       0x10 arch/arm/lib/built-in.o
                0x0000000017803e1c                bad_mode
 .text.show_regs
                0x0000000017803e2c      0x174 arch/arm/lib/built-in.o
                0x0000000017803e2c                show_regs
 .text.do_undefined_instruction
                0x0000000017803fa0       0x20 arch/arm/lib/built-in.o
                0x0000000017803fa0                do_undefined_instruction
 .text.do_software_interrupt
                0x0000000017803fc0       0x20 arch/arm/lib/built-in.o
                0x0000000017803fc0                do_software_interrupt
 .text.do_prefetch_abort
                0x0000000017803fe0       0x20 arch/arm/lib/built-in.o
                0x0000000017803fe0                do_prefetch_abort
 .text.do_data_abort
                0x0000000017804000       0x20 arch/arm/lib/built-in.o
                0x0000000017804000                do_data_abort
 .text.do_not_used
                0x0000000017804020       0x20 arch/arm/lib/built-in.o
                0x0000000017804020                do_not_used
 .text.do_fiq   0x0000000017804040       0x20 arch/arm/lib/built-in.o
                0x0000000017804040                do_fiq
 .text.do_irq   0x0000000017804060       0x20 arch/arm/lib/built-in.o
                0x0000000017804060                do_irq
 .text.do_reset
                0x0000000017804080       0x30 arch/arm/lib/built-in.o
                0x0000000017804080                do_reset
 .text.flush_cache
                0x00000000178040b0        0x8 arch/arm/lib/built-in.o
                0x00000000178040b0                flush_cache
 .text.cp_delay
                0x00000000178040b8       0x30 arch/arm/lib/built-in.o
 .text.arm_init_domains
                0x00000000178040e8        0x4 arch/arm/lib/built-in.o
                0x00000000178040e8                arm_init_domains
 .text.set_section_dcache
                0x00000000178040ec       0x14 arch/arm/lib/built-in.o
                0x00000000178040ec                set_section_dcache
 .text.mmu_set_region_dcache_behaviour
                0x0000000017804100       0x4c arch/arm/lib/built-in.o
                0x0000000017804100                mmu_set_region_dcache_behaviour
 .text.dram_bank_mmu_setup
                0x000000001780414c       0x44 arch/arm/lib/built-in.o
                0x000000001780414c                dram_bank_mmu_setup
 .text.icache_enable
                0x0000000017804190       0x18 arch/arm/lib/built-in.o
                0x0000000017804190                icache_enable
 .text.icache_disable
                0x00000000178041a8       0x20 arch/arm/lib/built-in.o
                0x00000000178041a8                icache_disable
 .text.icache_status
                0x00000000178041c8        0xc arch/arm/lib/built-in.o
                0x00000000178041c8                icache_status
 .text.dcache_enable
                0x00000000178041d4       0x7c arch/arm/lib/built-in.o
                0x00000000178041d4                dcache_enable
 .text.dcache_disable
                0x0000000017804250       0x2c arch/arm/lib/built-in.o
                0x0000000017804250                dcache_disable
 .text.dcache_status
                0x000000001780427c        0xc arch/arm/lib/built-in.o
                0x000000001780427c                dcache_status
 .text.pfuze_mode_init
                0x0000000017804288       0xd4 board/freescale/common/built-in.o
                0x0000000017804288                pfuze_mode_init
 .text.pfuze_common_init
                0x000000001780435c      0x10c board/freescale/common/built-in.o
                0x000000001780435c                pfuze_common_init
 .text.board_late_mmc_env_init
                0x0000000017804468       0x9c board/freescale/common/built-in.o
                0x0000000017804468                board_late_mmc_env_init
 .text.enable_lvds
                0x0000000017804504       0x48 board/freescale/mx6sabresd/built-in.o
 *fill*         0x000000001780454c        0x4 
 .text.set_LVDS_VCC.part.0
                0x0000000017804550       0x5c board/freescale/mx6sabresd/built-in.o
 .text.set_LVDS_VCC
                0x00000000178045ac       0x30 board/freescale/mx6sabresd/built-in.o
                0x00000000178045ac                set_LVDS_VCC
 .text.bmp_data_tranfer
                0x00000000178045dc       0x18 board/freescale/mx6sabresd/built-in.o
                0x00000000178045dc                bmp_data_tranfer
 .text.set_bmp_header
                0x00000000178045f4       0x38 board/freescale/mx6sabresd/built-in.o
                0x00000000178045f4                set_bmp_header
 .text.get_bmp_4byte
                0x000000001780462c       0x20 board/freescale/mx6sabresd/built-in.o
                0x000000001780462c                get_bmp_4byte
 .text.set_panel_env
                0x000000001780464c      0x118 board/freescale/mx6sabresd/built-in.o
                0x000000001780464c                set_panel_env
 .text.copy_bmp_screen
                0x0000000017804764      0x178 board/freescale/mx6sabresd/built-in.o
                0x0000000017804764                copy_bmp_screen
 .text.dram_init
                0x00000000178048dc       0x18 board/freescale/mx6sabresd/built-in.o
                0x00000000178048dc                dram_init
 .text.board_mmc_get_env_dev
                0x00000000178048f4        0x8 board/freescale/mx6sabresd/built-in.o
                0x00000000178048f4                board_mmc_get_env_dev
 .text.mmc_map_to_kernel_blk
                0x00000000178048fc        0x8 board/freescale/mx6sabresd/built-in.o
                0x00000000178048fc                mmc_map_to_kernel_blk
 .text.board_mmc_getcd
                0x0000000017804904       0x48 board/freescale/mx6sabresd/built-in.o
                0x0000000017804904                board_mmc_getcd
 .text.board_mmc_init
                0x000000001780494c       0xb8 board/freescale/mx6sabresd/built-in.o
                0x000000001780494c                board_mmc_init
 .text.mx6_rgmii_rework
                0x0000000017804a04      0x110 board/freescale/mx6sabresd/built-in.o
                0x0000000017804a04                mx6_rgmii_rework
 .text.board_phy_config
                0x0000000017804b14       0x2c board/freescale/mx6sabresd/built-in.o
                0x0000000017804b14                board_phy_config
 .text.disable_lvds_gpio
                0x0000000017804b40       0x20 board/freescale/mx6sabresd/built-in.o
                0x0000000017804b40                disable_lvds_gpio
 .text.overwrite_console
                0x0000000017804b60        0x8 board/freescale/mx6sabresd/built-in.o
                0x0000000017804b60                overwrite_console
 .text.board_eth_init
                0x0000000017804b68       0x5c board/freescale/mx6sabresd/built-in.o
                0x0000000017804b68                board_eth_init
 .text.board_ehci_hcd_init
                0x0000000017804bc4       0x28 board/freescale/mx6sabresd/built-in.o
                0x0000000017804bc4                board_ehci_hcd_init
 .text.board_ehci_power
                0x0000000017804bec       0x2c board/freescale/mx6sabresd/built-in.o
                0x0000000017804bec                board_ehci_power
 .text.board_early_init_f
                0x0000000017804c18       0x8c board/freescale/mx6sabresd/built-in.o
                0x0000000017804c18                board_early_init_f
 *fill*         0x0000000017804ca4        0x4 
 .text.board_init
                0x0000000017804ca8       0xe0 board/freescale/mx6sabresd/built-in.o
                0x0000000017804ca8                board_init
 .text.power_init_board
                0x0000000017804d88      0x254 board/freescale/mx6sabresd/built-in.o
                0x0000000017804d88                power_init_board
 .text.ldo_mode_set
                0x0000000017804fdc      0x2b8 board/freescale/mx6sabresd/built-in.o
                0x0000000017804fdc                ldo_mode_set
 .text.board_late_init
                0x0000000017805294      0x2c0 board/freescale/mx6sabresd/built-in.o
                0x0000000017805294                board_late_init
 .text.checkboard
                0x0000000017805554       0x18 board/freescale/mx6sabresd/built-in.o
                0x0000000017805554                checkboard
 .text.i2c_gpio_scl_set
                0x000000001780556c        0xc board/freescale/mx6sabresd/built-in.o
 .text.i2c_gpio_write_bit
                0x0000000017805578       0x5c board/freescale/mx6sabresd/built-in.o
 .text.i2c_gpio_sda_high
                0x00000000178055d4       0x28 board/freescale/mx6sabresd/built-in.o
 .text.i2c_gpio_check_nack
                0x00000000178055fc       0x58 board/freescale/mx6sabresd/built-in.o
 .text.i2c_gpio_write_byte
                0x0000000017805654       0x38 board/freescale/mx6sabresd/built-in.o
 .text.i2c_gpio_send_start
                0x000000001780568c       0x44 board/freescale/mx6sabresd/built-in.o
 .text.i2c_gpio_send_stop
                0x00000000178056d0       0x4c board/freescale/mx6sabresd/built-in.o
 .text.i2c_gpio_write_eeprom
                0x000000001780571c      0x16c board/freescale/mx6sabresd/built-in.o
                0x000000001780571c                i2c_gpio_write_eeprom
 .text.eeprom_i2c_synthesis_data
                0x0000000017805888      0x28c board/freescale/mx6sabresd/built-in.o
                0x0000000017805888                eeprom_i2c_synthesis_data
 .text.i2c_gpio_read_eeprom
                0x0000000017805b14      0x12c board/freescale/mx6sabresd/built-in.o
                0x0000000017805b14                i2c_gpio_read_eeprom
 .text.eeprom_i2c_parse_data
                0x0000000017805c40      0x1b4 board/freescale/mx6sabresd/built-in.o
                0x0000000017805c40                eeprom_i2c_parse_data
 .text.datatransfer
                0x0000000017805df4       0x80 board/freescale/mx6sabresd/built-in.o
                0x0000000017805df4                datatransfer
 .text.atoi     0x0000000017805e74       0x68 board/freescale/mx6sabresd/built-in.o
                0x0000000017805e74                atoi
 .text.atoilength
                0x0000000017805edc       0x8c board/freescale/mx6sabresd/built-in.o
                0x0000000017805edc                atoilength
 .text.Load_config_from_mmc
                0x0000000017805f68      0x5d4 board/freescale/mx6sabresd/built-in.o
                0x0000000017805f68                Load_config_from_mmc
 .text.eeprom_i2c_get_type
                0x000000001780653c       0x10 board/freescale/mx6sabresd/built-in.o
                0x000000001780653c                eeprom_i2c_get_type
 .text.eeprom_i2c_get_color_depth
                0x000000001780654c       0x20 board/freescale/mx6sabresd/built-in.o
                0x000000001780654c                eeprom_i2c_get_color_depth
 .text.eeprom_i2c_pass_logo
                0x000000001780656c       0x10 board/freescale/mx6sabresd/built-in.o
                0x000000001780656c                eeprom_i2c_pass_logo
 .text.eeprom_i2c_get_EDID
                0x000000001780657c       0x10 board/freescale/mx6sabresd/built-in.o
                0x000000001780657c                eeprom_i2c_get_EDID
 .text.set_kernel_env
                0x000000001780658c      0x284 board/freescale/mx6sabresd/built-in.o
                0x000000001780658c                set_kernel_env
 .text.eeprom_i2c_init
                0x0000000017806810       0x94 board/freescale/mx6sabresd/built-in.o
                0x0000000017806810                eeprom_i2c_init
 .text.do_go_exec
                0x00000000178068a4       0x10 cmd/built-in.o
                0x00000000178068a4                do_go_exec
 .text.do_go    0x00000000178068b4       0x6c cmd/built-in.o
 .text.do_bootm
                0x0000000017806920      0x10c cmd/built-in.o
                0x0000000017806920                do_bootm
 .text.do_bootd
                0x0000000017806a2c       0x20 cmd/built-in.o
                0x0000000017806a2c                do_bootd
 .text.image_info
                0x0000000017806a4c       0xcc cmd/built-in.o
 .text.do_iminfo
                0x0000000017806b18       0x5c cmd/built-in.o
 .text.bootm_maybe_autostart
                0x0000000017806b74       0x78 cmd/built-in.o
                0x0000000017806b74                bootm_maybe_autostart
 .text.do_bootz
                0x0000000017806bec       0xf8 cmd/built-in.o
                0x0000000017806bec                do_bootz
 .text.do_help  0x0000000017806ce4       0x44 cmd/built-in.o
 .text.do_version
                0x0000000017806d28       0x38 cmd/built-in.o
 .text.source   0x0000000017806d60       0xd8 cmd/built-in.o
                0x0000000017806d60                source
 .text.do_source
                0x0000000017806e38       0x44 cmd/built-in.o
 .text.print_num
                0x0000000017806e7c       0x14 cmd/built-in.o
 .text.do_bdinfo
                0x0000000017806e90      0x190 cmd/built-in.o
 .text.parse_argv
                0x0000000017807020       0x64 cmd/built-in.o
 .text.do_icache
                0x0000000017807084       0x88 cmd/built-in.o
 .text.do_dcache
                0x000000001780710c       0x88 cmd/built-in.o
 .text.do_coninfo
                0x0000000017807194       0xb0 cmd/built-in.o
 .text.do_echo  0x0000000017807244       0xb0 cmd/built-in.o
 .text.load_elf_image_shdr
                0x00000000178072f4       0x8c cmd/built-in.o
 .text.valid_elf_image
                0x0000000017807380       0x4c cmd/built-in.o
                0x0000000017807380                valid_elf_image
 .text.do_bootelf
                0x00000000178073cc      0x1b0 cmd/built-in.o
                0x00000000178073cc                do_bootelf
 .text.do_bootvx
                0x000000001780757c      0x330 cmd/built-in.o
                0x000000001780757c                do_bootvx
 .text.do_exit  0x00000000178078ac       0x3c cmd/built-in.o
 .text.do_ext4_size
                0x00000000178078e8       0x18 cmd/built-in.o
                0x00000000178078e8                do_ext4_size
 .text.do_ext4_load
                0x0000000017807900       0x18 cmd/built-in.o
                0x0000000017807900                do_ext4_load
 .text.do_ext4_ls
                0x0000000017807918       0x18 cmd/built-in.o
                0x0000000017807918                do_ext4_ls
 .text.do_ext4_write
                0x0000000017807930       0x18 cmd/built-in.o
                0x0000000017807930                do_ext4_write
 .text.do_ext2load
                0x0000000017807948       0x18 cmd/built-in.o
                0x0000000017807948                do_ext2load
 .text.do_ext2ls
                0x0000000017807960       0x18 cmd/built-in.o
 .text.do_fat_size
                0x0000000017807978       0x18 cmd/built-in.o
                0x0000000017807978                do_fat_size
 .text.do_fat_fsload
                0x0000000017807990       0x18 cmd/built-in.o
                0x0000000017807990                do_fat_fsload
 .text.do_fat_ls
                0x00000000178079a8       0x18 cmd/built-in.o
 .text.do_fat_fsinfo
                0x00000000178079c0       0x90 cmd/built-in.o
 .text.fdt_valid
                0x0000000017807a50       0xbc cmd/built-in.o
 .text.is_printable_string
                0x0000000017807b0c       0x9c cmd/built-in.o
 .text.print_data
                0x0000000017807ba8      0x174 cmd/built-in.o
 .text.set_working_fdt_addr
                0x0000000017807d1c       0x1c cmd/built-in.o
                0x0000000017807d1c                set_working_fdt_addr
 .text.do_fdt   0x0000000017807d38      0xe5c cmd/built-in.o
 .text.do_flerase
                0x0000000017808b94        0x8 cmd/built-in.o
 .text.do_protect
                0x0000000017808b9c       0x10 cmd/built-in.o
 .text.do_flinfo
                0x0000000017808bac        0x8 cmd/built-in.o
 .text.do_size_wrapper
                0x0000000017808bb4       0x18 cmd/built-in.o
 .text.do_load_wrapper
                0x0000000017808bcc       0x18 cmd/built-in.o
 .text.do_save_wrapper
                0x0000000017808be4       0x18 cmd/built-in.o
 .text.do_ls_wrapper
                0x0000000017808bfc       0x18 cmd/built-in.o
 .text.do_fstype_wrapper
                0x0000000017808c14        0x4 cmd/built-in.o
 .text.strtou32
                0x0000000017808c18       0x44 cmd/built-in.o
 .text.do_fuse  0x0000000017808c5c      0x358 cmd/built-in.o
 .text.name_to_gpio
                0x0000000017808fb4        0xc cmd/built-in.o
                0x0000000017808fb4                name_to_gpio
 .text.do_gpio  0x0000000017808fc0      0x154 cmd/built-in.o
 .text.do_i2c   0x0000000017809114       0x68 cmd/built-in.o
 .text.do_i2c_bus_speed
                0x000000001780917c       0x78 cmd/built-in.o
 .text.do_i2c_reset
                0x00000000178091f4       0x2c cmd/built-in.o
 .text.do_i2c_probe
                0x0000000017809220       0x9c cmd/built-in.o
 .text.do_i2c_bus_num
                0x00000000178092bc       0xb8 cmd/built-in.o
 .text.do_i2c_show_bus
                0x0000000017809374       0xd0 cmd/built-in.o
 .text.get_alen.constprop.5
                0x0000000017809444       0x3c cmd/built-in.o
 .text.do_i2c_crc
                0x0000000017809480      0x120 cmd/built-in.o
 .text.mod_i2c_mem.isra.3
                0x00000000178095a0      0x1f0 cmd/built-in.o
 .text.do_i2c_nm
                0x0000000017809790        0x8 cmd/built-in.o
 .text.do_i2c_mm
                0x0000000017809798        0x8 cmd/built-in.o
 .text.do_i2c_md
                0x00000000178097a0      0x1e4 cmd/built-in.o
 .text.do_i2c_read
                0x0000000017809984       0xbc cmd/built-in.o
 .text.do_i2c_mw
                0x0000000017809a40       0xfc cmd/built-in.o
 .text.do_i2c_write
                0x0000000017809b3c      0x14c cmd/built-in.o
 .text.do_i2c_loop
                0x0000000017809c88       0xe4 cmd/built-in.o
 .text.i2c_init_board
                0x0000000017809d6c        0x4 cmd/built-in.o
                0x0000000017809d6c                i2c_init_board
 .text.evalexp  0x0000000017809d70       0x78 cmd/built-in.o
 .text.evalstr  0x0000000017809de8       0x6c cmd/built-in.o
 .text.binary_test
                0x0000000017809e54      0x1c0 cmd/built-in.o
 .text.do_itest
                0x000000001780a014       0x88 cmd/built-in.o
 .text.bin_data_init
                0x000000001780a09c       0x2c cmd/built-in.o
 .text.k_data_save
                0x000000001780a0c8       0x4c cmd/built-in.o
 .text.k_data_restore
                0x000000001780a114       0x4c cmd/built-in.o
 .text.getcxmodem
                0x000000001780a160       0x20 cmd/built-in.o
 .text.load_serial_ymodem
                0x000000001780a180       0xcc cmd/built-in.o
 .text.bin_data_char
                0x000000001780a24c       0x2c cmd/built-in.o
 .text.chk1.constprop.1
                0x000000001780a278       0x2c cmd/built-in.o
 .text.s1_sendpacket.constprop.2
                0x000000001780a2a4       0x50 cmd/built-in.o
 .text.load_serial
                0x000000001780a2f4      0x1f0 cmd/built-in.o
 .text.do_load_serial
                0x000000001780a4e4       0xdc cmd/built-in.o
 .text.do_load_serial_bin
                0x000000001780a5c0      0x7a4 cmd/built-in.o
 .text.do_mem_mw
                0x000000001780ad64       0xc0 cmd/built-in.o
 .text.do_mem_loop
                0x000000001780ae24       0xec cmd/built-in.o
 .text.do_mem_md
                0x000000001780af10       0xe4 cmd/built-in.o
 .text.do_mem_cmp
                0x000000001780aff4      0x168 cmd/built-in.o
 .text.do_mem_base
                0x000000001780b15c       0x40 cmd/built-in.o
 .text.do_mem_cp
                0x000000001780b19c       0xd8 cmd/built-in.o
 .text.do_mem_crc
                0x000000001780b274       0x48 cmd/built-in.o
 .text.do_mem_mtest
                0x000000001780b2bc      0x224 cmd/built-in.o
 .text.mod_mem.isra.0
                0x000000001780b4e0      0x16c cmd/built-in.o
 .text.do_mem_mm
                0x000000001780b64c        0x8 cmd/built-in.o
 .text.do_mem_nm
                0x000000001780b654        0x8 cmd/built-in.o
 .text.extract_range
                0x000000001780b65c       0xe4 cmd/built-in.o
 .text.do_mii   0x000000001780b740      0x8f0 cmd/built-in.o
 .text.do_mdio  0x000000001780c030      0x4ec cmd/built-in.o
 .text.do_sleep
                0x000000001780c51c       0x70 cmd/built-in.o
 .text.do_mmcops
                0x000000001780c58c       0xb8 cmd/built-in.o
 .text.init_mmc_device
                0x000000001780c644       0x54 cmd/built-in.o
 .text.do_mmc_rescan
                0x000000001780c698       0x24 cmd/built-in.o
 .text.do_mmc_rst_func
                0x000000001780c6bc       0xa0 cmd/built-in.o
 .text.do_mmc_partconf
                0x000000001780c75c       0xb4 cmd/built-in.o
 .text.do_mmc_boot_resize
                0x000000001780c810       0xcc cmd/built-in.o
 .text.do_mmc_bootbus
                0x000000001780c8dc       0xb4 cmd/built-in.o
 .text.do_mmc_hwpartition
                0x000000001780c990      0x510 cmd/built-in.o
 .text.do_mmc_list
                0x000000001780cea0       0x14 cmd/built-in.o
 .text.do_mmc_dev
                0x000000001780ceb4      0x134 cmd/built-in.o
 .text.do_mmc_part
                0x000000001780cfe8       0x5c cmd/built-in.o
 .text.do_mmc_erase
                0x000000001780d044       0xe8 cmd/built-in.o
 .text.do_mmc_write
                0x000000001780d12c      0x100 cmd/built-in.o
 .text.do_mmc_read
                0x000000001780d22c       0xec cmd/built-in.o
 .text.do_mmcinfo
                0x000000001780d318      0x370 cmd/built-in.o
 .text.do_mmc_setdsr
                0x000000001780d688       0xb0 cmd/built-in.o
 .text.cpu_cmd  0x000000001780d738      0x160 cmd/built-in.o
 .text.netboot_common
                0x000000001780d898      0x294 cmd/built-in.o
 .text.do_bootp
                0x000000001780db2c        0xc cmd/built-in.o
 .text.do_dhcp  0x000000001780db38        0xc cmd/built-in.o
 .text.do_nfs   0x000000001780db44        0xc cmd/built-in.o
 .text.do_tftpb
                0x000000001780db50       0x40 cmd/built-in.o
                0x000000001780db50                do_tftpb
 .text.do_ping  0x000000001780db90       0x78 cmd/built-in.o
 .text.bytes_per_second
                0x000000001780dc08       0x50 cmd/built-in.o
 .text.do_spi_flash
                0x000000001780dc58      0x868 cmd/built-in.o
 .text.substitute
                0x000000001780e4c0       0xf0 cmd/built-in.o
 .text.get_arg  0x000000001780e5b0       0x58 cmd/built-in.o
 .text.regex_sub
                0x000000001780e608      0x450 cmd/built-in.o
 .text.do_setexpr
                0x000000001780ea58      0x1a0 cmd/built-in.o
 .text.do_false
                0x000000001780ebf8        0x8 cmd/built-in.o
 .text.do_true  0x000000001780ec00        0x8 cmd/built-in.o
 .text.do_test  0x000000001780ec08      0x338 cmd/built-in.o
 .text.usb_get_class_desc
                0x000000001780ef40       0xbc cmd/built-in.o
 .text.usb_find_device
                0x000000001780effc       0x3c cmd/built-in.o
 .text.usb_show_tree_graph
                0x000000001780f038      0x228 cmd/built-in.o
 .text.usb_display_class_sub
                0x000000001780f260      0x170 cmd/built-in.o
 .text.usb_display_string
                0x000000001780f3d0       0x44 cmd/built-in.o
 .text.usb_display_config
                0x000000001780f414      0x20c cmd/built-in.o
 .text.do_usbboot
                0x000000001780f620        0xc cmd/built-in.o
 .text.usb_display_desc.part.1
                0x000000001780f62c      0x12c cmd/built-in.o
 .text.do_usb_start
                0x000000001780f758       0x38 cmd/built-in.o
 .text.usb_show_tree
                0x000000001780f790       0x54 cmd/built-in.o
                0x000000001780f790                usb_show_tree
 .text.do_usb   0x000000001780f7e4      0x750 cmd/built-in.o
 .text.ums_read_sector
                0x000000001780ff34       0x20 cmd/built-in.o
 .text.ums_write_sector
                0x000000001780ff54       0x20 cmd/built-in.o
 .text.ums_fini
                0x000000001780ff74       0x60 cmd/built-in.o
 .text.do_usb_mass_storage
                0x000000001780ffd4      0x33c cmd/built-in.o
                0x000000001780ffd4                do_usb_mass_storage
 .text.do_imgextract
                0x0000000017810310      0x290 cmd/built-in.o
 .text.do_dfu   0x00000000178105a0      0x17c cmd/built-in.o
 .text.do_env_delete
                0x000000001781071c       0x9c cmd/built-in.o
 .text.do_env_exists
                0x00000000178107b8       0x64 cmd/built-in.o
 .text.do_env_save
                0x000000001781081c       0x2c cmd/built-in.o
 .text.do_env   0x0000000017810848       0x68 cmd/built-in.o
 .text.env_print
                0x00000000178108b0       0xc0 cmd/built-in.o
 .text.do_env_print
                0x0000000017810970       0xc4 cmd/built-in.o
 .text.do_env_import
                0x0000000017810a34      0x284 cmd/built-in.o
 .text.do_env_default
                0x0000000017810cb8       0xa8 cmd/built-in.o
 .text._do_env_set.isra.0
                0x0000000017810d60      0x1bc cmd/built-in.o
 .text.do_env_set
                0x0000000017810f1c       0x20 cmd/built-in.o
 .text.get_env_id
                0x0000000017810f3c       0x10 cmd/built-in.o
                0x0000000017810f3c                get_env_id
 .text.setenv   0x0000000017810f4c       0x60 cmd/built-in.o
                0x0000000017810f4c                setenv
 .text.setenv_ulong
                0x0000000017810fac       0x20 cmd/built-in.o
                0x0000000017810fac                setenv_ulong
 .text.setenv_hex
                0x0000000017810fcc       0x34 cmd/built-in.o
                0x0000000017810fcc                setenv_hex
 .text.do_env_export
                0x0000000017811000      0x258 cmd/built-in.o
 .text.envmatch
                0x0000000017811258       0x6c cmd/built-in.o
                0x0000000017811258                envmatch
 .text.getenv_f
                0x00000000178112c4       0xc0 cmd/built-in.o
                0x00000000178112c4                getenv_f
 .text.getenv   0x0000000017811384       0x78 cmd/built-in.o
                0x0000000017811384                getenv
 .text.getenv_hex
                0x00000000178113fc       0x3c cmd/built-in.o
                0x00000000178113fc                getenv_hex
 .text.getenv_ulong
                0x0000000017811438       0x30 cmd/built-in.o
                0x0000000017811438                getenv_ulong
 .text.do_env_edit.part.2
                0x0000000017811468       0xa4 cmd/built-in.o
 .text.do_env_edit
                0x000000001781150c       0x2c cmd/built-in.o
 .text.common_diskboot
                0x0000000017811538      0x234 cmd/built-in.o
                0x0000000017811538                common_diskboot
 .text.board_init_f_alloc_reserve
                0x000000001781176c       0x10 common/built-in.o
                0x000000001781176c                board_init_f_alloc_reserve
 .text.board_init_f_init_reserve
                0x000000001781177c       0x20 common/built-in.o
                0x000000001781177c                board_init_f_init_reserve
 .text.show_boot_progress
                0x000000001781179c        0x4 common/built-in.o
                0x000000001781179c                show_boot_progress
 .text.main_loop
                0x00000000178117a0       0x48 common/built-in.o
                0x00000000178117a0                main_loop
 .text.dummy    0x00000000178117e8        0x4 common/built-in.o
 .text.get_version
                0x00000000178117ec        0x8 common/built-in.o
                0x00000000178117ec                get_version
 .text.jumptable_init
                0x00000000178117f4      0x1e0 common/built-in.o
                0x00000000178117f4                jumptable_init
 .text.hash_finish_crc32
                0x00000000178119d4       0x30 common/built-in.o
 .text.hash_update_crc32
                0x0000000017811a04       0x24 common/built-in.o
 .text.hash_init_crc32
                0x0000000017811a28       0x24 common/built-in.o
 .text.hash_lookup_algo
                0x0000000017811a4c       0x28 common/built-in.o
                0x0000000017811a4c                hash_lookup_algo
 .text.hash_command
                0x0000000017811a74       0xb4 common/built-in.o
                0x0000000017811a74                hash_command
 .text.b_reset  0x0000000017811b28       0x1c common/built-in.o
 .text.static_get
                0x0000000017811b44       0x1c common/built-in.o
 .text.file_peek
                0x0000000017811b60        0xc common/built-in.o
 .text.mapset   0x0000000017811b6c       0x20 common/built-in.o
 .text.syntax_err
                0x0000000017811b8c        0xc common/built-in.o
 .text.free_pipe_list
                0x0000000017811b98       0xf4 common/built-in.o
 .text.xmalloc  0x0000000017811c8c       0x20 common/built-in.o
 .text.new_pipe
                0x0000000017811cac       0x28 common/built-in.o
 .text.xrealloc
                0x0000000017811cd4       0x20 common/built-in.o
 .text.done_command
                0x0000000017811cf4       0x88 common/built-in.o
 .text.done_pipe
                0x0000000017811d7c       0x48 common/built-in.o
 .text.done_word
                0x0000000017811dc4      0x2e4 common/built-in.o
 .text.do_showvar
                0x00000000178120a8       0xf4 common/built-in.o
 .text.is_assignment
                0x000000001781219c       0x5c common/built-in.o
 .text.file_get
                0x00000000178121f8      0x1f0 common/built-in.o
 .text.b_addchr
                0x00000000178123e8       0x80 common/built-in.o
 .text.b_addqchr
                0x0000000017812468       0x50 common/built-in.o
 .text.static_peek
                0x00000000178124b8        0xc common/built-in.o
 .text.get_local_var
                0x00000000178124c4       0xa0 common/built-in.o
                0x00000000178124c4                get_local_var
 .text.set_local_var
                0x0000000017812564      0x1bc common/built-in.o
                0x0000000017812564                set_local_var
 .text.insert_var_value_sub
                0x0000000017812720      0x2c0 common/built-in.o
 .text.parse_string_outer
                0x00000000178129e0       0xe4 common/built-in.o
                0x00000000178129e0                parse_string_outer
 .text.run_list_real
                0x0000000017812ac4      0x7b8 common/built-in.o
 .text.parse_stream_outer
                0x000000001781327c      0x6d0 common/built-in.o
 .text.parse_file_outer
                0x000000001781394c       0x44 common/built-in.o
                0x000000001781394c                parse_file_outer
 .text.u_boot_hush_start
                0x0000000017813990       0x54 common/built-in.o
                0x0000000017813990                u_boot_hush_start
 .text.bootdelay_process
                0x00000000178139e4       0xcc common/built-in.o
                0x00000000178139e4                bootdelay_process
 .text.autoboot_command
                0x0000000017813ab0       0xd0 common/built-in.o
                0x0000000017813ab0                autoboot_command
 .text.setup_mon_len
                0x0000000017813b80       0x20 common/built-in.o
 .text.reserve_round_4k
                0x0000000017813ba0       0x18 common/built-in.o
 .text.reserve_mmu
                0x0000000017813bb8       0x38 common/built-in.o
 .text.reserve_uboot
                0x0000000017813bf0       0x30 common/built-in.o
 .text.reserve_malloc
                0x0000000017813c20       0x18 common/built-in.o
 .text.setup_machine
                0x0000000017813c38       0x14 common/built-in.o
 .text.reserve_global_data
                0x0000000017813c4c       0x1c common/built-in.o
 .text.reserve_fdt
                0x0000000017813c68       0x4c common/built-in.o
 .text.initf_console_record
                0x0000000017813cb4        0x8 common/built-in.o
 .text.arch_cpu_init_dm
                0x0000000017813cbc        0x8 common/built-in.o
                0x0000000017813cbc                arch_cpu_init_dm
 .text.announce_dram_init
                0x0000000017813cc4       0x18 common/built-in.o
 .text.init_func_i2c
                0x0000000017813cdc       0x28 common/built-in.o
 .text.init_baud_rate
                0x0000000017813d04       0x2c common/built-in.o
 .text.mark_bootstage
                0x0000000017813d30       0x14 common/built-in.o
 .text.initf_dm
                0x0000000017813d44        0x8 common/built-in.o
 .text.setup_reloc
                0x0000000017813d4c       0x3c common/built-in.o
 .text.reloc_fdt
                0x0000000017813d88       0x44 common/built-in.o
 .text.reserve_board
                0x0000000017813dcc       0x40 common/built-in.o
 .text.reserve_arch
                0x0000000017813e0c        0x8 common/built-in.o
                0x0000000017813e0c                reserve_arch
 .text.display_text_info
                0x0000000017813e14        0x8 common/built-in.o
 .text.reserve_trace
                0x0000000017813e1c        0x8 common/built-in.o
 .text.display_new_sp
                0x0000000017813e24        0x8 common/built-in.o
 .text.coloured_LED_init
                0x0000000017813e2c        0x4 common/built-in.o
                0x0000000017813e2c                coloured_LED_init
 .text.red_led_on
                0x0000000017813e30        0x4 common/built-in.o
                0x0000000017813e30                red_led_on
 .text.board_add_ram_info
                0x0000000017813e34        0x4 common/built-in.o
                0x0000000017813e34                board_add_ram_info
 .text.show_dram_config
                0x0000000017813e38       0x38 common/built-in.o
 .text.dram_init_banksize
                0x0000000017813e70       0x20 common/built-in.o
                0x0000000017813e70                dram_init_banksize
 .text.setup_dram_config
                0x0000000017813e90       0x10 common/built-in.o
 .text.board_get_usable_ram_top
                0x0000000017813ea0       0x14 common/built-in.o
                0x0000000017813ea0                board_get_usable_ram_top
 .text.board_reserve_ram_top
                0x0000000017813eb4        0x4 common/built-in.o
                0x0000000017813eb4                board_reserve_ram_top
 .text.setup_dest_addr
                0x0000000017813eb8       0x4c common/built-in.o
 .text.reserve_stacks
                0x0000000017813f04       0x1c common/built-in.o
 .text.board_init_f
                0x0000000017813f20       0x28 common/built-in.o
                0x0000000017813f20                board_init_f
 .text.bootstage_relocate
                0x0000000017813f48        0x8 common/built-in.o
 .text.initr_reloc
                0x0000000017813f50       0x18 common/built-in.o
 .text.initr_reloc_global_data
                0x0000000017813f68       0x28 common/built-in.o
 .text.initr_announce
                0x0000000017813f90        0x8 common/built-in.o
 .text.run_main_loop
                0x0000000017813f98        0xc common/built-in.o
 .text.initr_net
                0x0000000017813fa4       0x1c common/built-in.o
 .text.initr_ethaddr
                0x0000000017813fc0       0x20 common/built-in.o
 .text.initr_enable_interrupts
                0x0000000017813fe0       0x10 common/built-in.o
 .text.initr_jumptable
                0x0000000017813ff0       0x10 common/built-in.o
 .text.initr_env
                0x0000000017814000       0x30 common/built-in.o
 .text.initr_mmc
                0x0000000017814030       0x20 common/built-in.o
 .text.initr_serial
                0x0000000017814050       0x10 common/built-in.o
 .text.initr_bootstage
                0x0000000017814060       0x14 common/built-in.o
 .text.initr_dm
                0x0000000017814074       0x14 common/built-in.o
 .text.initr_malloc
                0x0000000017814088       0x24 common/built-in.o
 .text.initr_caches
                0x00000000178140ac       0x10 common/built-in.o
 .text.initr_console_record
                0x00000000178140bc        0x8 common/built-in.o
 .text.initr_trace
                0x00000000178140c4        0x8 common/built-in.o
 .text.initr_barrier
                0x00000000178140cc        0x8 common/built-in.o
 .text.cpu_secondary_init_r
                0x00000000178140d4        0x4 common/built-in.o
                0x00000000178140d4                cpu_secondary_init_r
 .text.initr_secondary_cpu
                0x00000000178140d8       0x10 common/built-in.o
 .text.board_init_r
                0x00000000178140e8       0x14 common/built-in.o
                0x00000000178140e8                board_init_r
 .text.show_board_info
                0x00000000178140fc        0x4 common/built-in.o
                0x00000000178140fc                show_board_info
 .text.bootm_find_images
                0x0000000017814100       0xa8 common/built-in.o
                0x0000000017814100                bootm_find_images
 .text.bootm_decomp_image
                0x00000000178141a8      0x14c common/built-in.o
                0x00000000178141a8                bootm_decomp_image
 .text.bootm_disable_interrupts
                0x00000000178142f4       0x18 common/built-in.o
                0x00000000178142f4                bootm_disable_interrupts
 .text.do_bootm_states
                0x000000001781430c      0x750 common/built-in.o
                0x000000001781430c                do_bootm_states
 .text.copy_args
                0x0000000017814a5c       0x50 common/built-in.o
 .text.do_bootm_rtems
                0x0000000017814aac       0x40 common/built-in.o
 .text.do_bootm_plan9
                0x0000000017814aec       0xa4 common/built-in.o
 .text.do_bootm_standalone
                0x0000000017814b90       0x64 common/built-in.o
 .text.do_bootm_qnxelf
                0x0000000017814bf4       0x5c common/built-in.o
 .text.do_bootm_netbsd
                0x0000000017814c50       0xf8 common/built-in.o
 .text.do_bootvx_fdt
                0x0000000017814d48      0x118 common/built-in.o
                0x0000000017814d48                do_bootvx_fdt
 .text.do_bootm_vxworks
                0x0000000017814e60       0x24 common/built-in.o
 .text.boot_selected_os
                0x0000000017814e84       0x58 common/built-in.o
                0x0000000017814e84                boot_selected_os
 .text.bootm_os_get_boot_func
                0x0000000017814edc       0x10 common/built-in.o
                0x0000000017814edc                bootm_os_get_boot_func
 .text.regex_callback
                0x0000000017814eec      0x134 common/built-in.o
 .text.env_attr_walk
                0x0000000017815020      0x128 common/built-in.o
                0x0000000017815020                env_attr_walk
 .text.env_attr_lookup
                0x0000000017815148       0x84 common/built-in.o
                0x0000000017815148                env_attr_lookup
 .text.clear_callback
                0x00000000178151cc       0x10 common/built-in.o
 .text.find_env_callback
                0x00000000178151dc       0x64 common/built-in.o
 .text.on_callbacks
                0x0000000017815240       0x50 common/built-in.o
 .text.set_callback
                0x0000000017815290       0x98 common/built-in.o
 .text.env_callback_init
                0x0000000017815328       0xc4 common/built-in.o
                0x0000000017815328                env_callback_init
 .text.skip_num
                0x00000000178153ec       0x78 common/built-in.o
 .text.clear_flags
                0x0000000017815464       0x10 common/built-in.o
 .text.on_flags
                0x0000000017815474       0x50 common/built-in.o
 .text.env_flags_parse_vartype
                0x00000000178154c4       0x50 common/built-in.o
                0x00000000178154c4                env_flags_parse_vartype
 .text.env_flags_parse_varaccess
                0x0000000017815514       0x58 common/built-in.o
                0x0000000017815514                env_flags_parse_varaccess
 .text.set_flags
                0x000000001781556c       0xb0 common/built-in.o
 .text.eth_validate_ethaddr_str
                0x000000001781561c       0x94 common/built-in.o
                0x000000001781561c                eth_validate_ethaddr_str
 .text.env_flags_init
                0x00000000178156b0       0xd8 common/built-in.o
                0x00000000178156b0                env_flags_init
 .text.env_flags_validate
                0x0000000017815788      0x2b8 common/built-in.o
                0x0000000017815788                env_flags_validate
 .text.mmc_get_env_addr
                0x0000000017815a40       0x10 common/built-in.o
                0x0000000017815a40                mmc_get_env_addr
 .text.fini_mmc_for_env.isra.0
                0x0000000017815a50       0x1c common/built-in.o
 .text.env_init
                0x0000000017815a6c       0x1c common/built-in.o
                0x0000000017815a6c                env_init
 .text.init_mmc_for_env
                0x0000000017815a88       0x78 common/built-in.o
 .text.saveenv  0x0000000017815b00      0x114 common/built-in.o
                0x0000000017815b00                saveenv
 .text.env_relocate_spec
                0x0000000017815c14       0xe0 common/built-in.o
                0x0000000017815c14                env_relocate_spec
 .text.fdt_find_and_setprop
                0x0000000017815cf4       0x70 common/built-in.o
                0x0000000017815cf4                fdt_find_and_setprop
 .text.fdt_find_or_add_subnode
                0x0000000017815d64       0x60 common/built-in.o
                0x0000000017815d64                fdt_find_or_add_subnode
 .text.fdt_root
                0x0000000017815dc4       0x90 common/built-in.o
                0x0000000017815dc4                fdt_root
 .text.fdt_initrd
                0x0000000017815e54      0x1cc common/built-in.o
                0x0000000017815e54                fdt_initrd
 .text.fdt_chosen
                0x0000000017816020       0xa8 common/built-in.o
                0x0000000017816020                fdt_chosen
 .text.do_fixup_by_path
                0x00000000178160c8       0x54 common/built-in.o
                0x00000000178160c8                do_fixup_by_path
 .text.fdt_fixup_memory_banks
                0x000000001781611c      0x1b0 common/built-in.o
                0x000000001781611c                fdt_fixup_memory_banks
 .text.fdt_fixup_memory
                0x00000000178162cc       0x20 common/built-in.o
                0x00000000178162cc                fdt_fixup_memory
 .text.fdt_fixup_ethernet
                0x00000000178162ec      0x174 common/built-in.o
                0x00000000178162ec                fdt_fixup_ethernet
 .text.fdt_shrink_to_minimum
                0x0000000017816460       0xcc common/built-in.o
                0x0000000017816460                fdt_shrink_to_minimum
 .text.miiphy_get_dev_by_name
                0x000000001781652c       0x60 common/built-in.o
                0x000000001781652c                miiphy_get_dev_by_name
 .text.miiphy_init
                0x000000001781658c       0x24 common/built-in.o
                0x000000001781658c                miiphy_init
 .text.mdio_alloc
                0x00000000178165b0       0x30 common/built-in.o
                0x00000000178165b0                mdio_alloc
 .text.mdio_register
                0x00000000178165e0       0x94 common/built-in.o
                0x00000000178165e0                mdio_register
 .text.mdio_unregister
                0x0000000017816674       0x3c common/built-in.o
                0x0000000017816674                mdio_unregister
 .text.mdio_list_devices
                0x00000000178166b0       0x98 common/built-in.o
                0x00000000178166b0                mdio_list_devices
 .text.miiphy_set_current_dev
                0x0000000017816748       0x40 common/built-in.o
                0x0000000017816748                miiphy_set_current_dev
 .text.miiphy_get_active_dev
                0x0000000017816788       0x54 common/built-in.o
 .text.mdio_get_current_dev
                0x00000000178167dc       0x10 common/built-in.o
                0x00000000178167dc                mdio_get_current_dev
 .text.mdio_phydev_for_ethname
                0x00000000178167ec       0x88 common/built-in.o
                0x00000000178167ec                mdio_phydev_for_ethname
 .text.miiphy_get_current_dev
                0x0000000017816874       0x18 common/built-in.o
                0x0000000017816874                miiphy_get_current_dev
 .text.miiphy_read
                0x000000001781688c       0x4c common/built-in.o
                0x000000001781688c                miiphy_read
 .text.miiphy_write
                0x00000000178168d8       0x40 common/built-in.o
                0x00000000178168d8                miiphy_write
 .text.miiphy_listdev
                0x0000000017816918       0x74 common/built-in.o
                0x0000000017816918                miiphy_listdev
 .text.miiphy_info
                0x000000001781698c       0x88 common/built-in.o
                0x000000001781698c                miiphy_info
 .text.miiphy_speed
                0x0000000017816a14       0x94 common/built-in.o
                0x0000000017816a14                miiphy_speed
 .text.miiphy_duplex
                0x0000000017816aa8       0x94 common/built-in.o
                0x0000000017816aa8                miiphy_duplex
 .text.miiphy_is_1000base_x
                0x0000000017816b3c        0x8 common/built-in.o
                0x0000000017816b3c                miiphy_is_1000base_x
 .text.usb_set_maxpacket_ep
                0x0000000017816b44       0x70 common/built-in.o
 .text.usb_stop
                0x0000000017816bb4       0x64 common/built-in.o
                0x0000000017816bb4                usb_stop
 .text.usb_disable_asynch
                0x0000000017816c18       0x20 common/built-in.o
                0x0000000017816c18                usb_disable_asynch
 .text.usb_control_msg
                0x0000000017816c38       0xc0 common/built-in.o
                0x0000000017816c38                usb_control_msg
 .text.usb_get_descriptor
                0x0000000017816cf8       0x58 common/built-in.o
 .text.get_descriptor_len
                0x0000000017816d50       0x90 common/built-in.o
 .text.usb_get_string
                0x0000000017816de0       0x70 common/built-in.o
 .text.usb_string_sub
                0x0000000017816e50      0x108 common/built-in.o
 .text.usb_bulk_msg
                0x0000000017816f58       0x70 common/built-in.o
                0x0000000017816f58                usb_bulk_msg
 .text.usb_maxpacket
                0x0000000017816fc8       0x1c common/built-in.o
                0x0000000017816fc8                usb_maxpacket
 .text.usb_clear_halt
                0x0000000017816fe4       0x90 common/built-in.o
                0x0000000017816fe4                usb_clear_halt
 .text.usb_get_configuration_len
                0x0000000017817074       0x74 common/built-in.o
                0x0000000017817074                usb_get_configuration_len
 .text.usb_get_configuration_no
                0x00000000178170e8       0x34 common/built-in.o
                0x00000000178170e8                usb_get_configuration_no
 .text.usb_set_interface
                0x000000001781711c       0xb4 common/built-in.o
                0x000000001781711c                usb_set_interface
 .text.usb_string
                0x00000000178171d0      0x100 common/built-in.o
                0x00000000178171d0                usb_string
 .text.usb_get_dev_index
                0x00000000178172d0       0x24 common/built-in.o
                0x00000000178172d0                usb_get_dev_index
 .text.usb_alloc_new_device
                0x00000000178172f4       0x9c common/built-in.o
                0x00000000178172f4                usb_alloc_new_device
 .text.usb_free_device
                0x0000000017817390       0x48 common/built-in.o
                0x0000000017817390                usb_free_device
 .text.usb_alloc_device
                0x00000000178173d8        0x8 common/built-in.o
                0x00000000178173d8                usb_alloc_device
 .text.usb_select_config
                0x00000000178173e0      0x458 common/built-in.o
                0x00000000178173e0                usb_select_config
 .text.usb_setup_device
                0x0000000017817838      0x19c common/built-in.o
                0x0000000017817838                usb_setup_device
 .text.usb_new_device
                0x00000000178179d4       0x34 common/built-in.o
                0x00000000178179d4                usb_new_device
 .text.usb_init
                0x0000000017817a08      0x148 common/built-in.o
                0x0000000017817a08                usb_init
 .text.board_usb_init
                0x0000000017817b50        0x8 common/built-in.o
                0x0000000017817b50                board_usb_init
 .text.board_usb_cleanup
                0x0000000017817b58        0x8 common/built-in.o
                0x0000000017817b58                board_usb_cleanup
 .text.usb_device_has_child_on_port
                0x0000000017817b60       0x14 common/built-in.o
                0x0000000017817b60                usb_device_has_child_on_port
 .text.usb_find_usb2_hub_address_port
                0x0000000017817b74       0x5c common/built-in.o
                0x0000000017817b74                usb_find_usb2_hub_address_port
 .text.usb_set_port_feature
                0x0000000017817bd0       0x4c common/built-in.o
 .text.usb_clear_port_feature
                0x0000000017817c1c       0x4c common/built-in.o
 .text.usb_get_hub_descriptor
                0x0000000017817c68       0x4c common/built-in.o
 .text.usb_hub_power_on
                0x0000000017817cb4       0x6c common/built-in.o
 .text.usb_hub_reset_devices
                0x0000000017817d20        0x4 common/built-in.o
                0x0000000017817d20                usb_hub_reset_devices
 .text.usb_get_port_status
                0x0000000017817d24       0x4c common/built-in.o
                0x0000000017817d24                usb_get_port_status
 .text.usb_hub_reset
                0x0000000017817d70       0x14 common/built-in.o
                0x0000000017817d70                usb_hub_reset
 .text.legacy_hub_port_reset
                0x0000000017817d84       0xa0 common/built-in.o
                0x0000000017817d84                legacy_hub_port_reset
 .text.usb_hub_port_connect_change
                0x0000000017817e24      0x16c common/built-in.o
                0x0000000017817e24                usb_hub_port_connect_change
 .text.usb_hub_configure
                0x0000000017817f90      0x2c8 common/built-in.o
 .text.usb_hub_probe
                0x0000000017818258       0x54 common/built-in.o
                0x0000000017818258                usb_hub_probe
 .text.usb_stor_irq
                0x00000000178182ac       0x1c common/built-in.o
 .text.usb_stor_BBB_reset
                0x00000000178182c8       0xd0 common/built-in.o
 .text.usb_stor_CB_reset
                0x0000000017818398       0xd0 common/built-in.o
 .text.usb_stor_BBB_clear_endpt_stall.isra.0
                0x0000000017818468       0x40 common/built-in.o
 .text.usb_stor_BBB_transport
                0x00000000178184a8      0x25c common/built-in.o
 .text.usb_stor_CB_comdat
                0x0000000017818704      0x204 common/built-in.o
 .text.usb_stor_CBI_get_status.isra.2
                0x0000000017818908       0xc8 common/built-in.o
 .text.usb_stor_CB_transport
                0x00000000178189d0      0x228 common/built-in.o
 .text.usb_request_sense.constprop.8
                0x0000000017818bf8       0x70 common/built-in.o
 .text.usb_stor_read
                0x0000000017818c68      0x188 common/built-in.o
 .text.usb_stor_write
                0x0000000017818df0      0x188 common/built-in.o
 .text.usb_stor_get_dev
                0x0000000017818f78       0x28 common/built-in.o
                0x0000000017818f78                usb_stor_get_dev
 .text.usb_stor_info
                0x0000000017818fa0       0x74 common/built-in.o
                0x0000000017818fa0                usb_stor_info
 .text.usb_storage_probe
                0x0000000017819014      0x204 common/built-in.o
                0x0000000017819014                usb_storage_probe
 .text.usb_stor_get_info
                0x0000000017819218      0x31c common/built-in.o
                0x0000000017819218                usb_stor_get_info
 .text.usb_stor_scan
                0x0000000017819534      0x1f8 common/built-in.o
                0x0000000017819534                usb_stor_scan
 .text.env_get_char_spec
                0x000000001781972c        0xc common/built-in.o
                0x000000001781972c                env_get_char_spec
 .text.env_get_addr
                0x0000000017819738       0x20 common/built-in.o
                0x0000000017819738                env_get_addr
 .text.env_get_char_memory
                0x0000000017819758       0x10 common/built-in.o
                0x0000000017819758                env_get_char_memory
 .text.env_get_char
                0x0000000017819768       0x30 common/built-in.o
                0x0000000017819768                env_get_char
 .text.getenv_yesno
                0x0000000017819798       0x40 common/built-in.o
                0x0000000017819798                getenv_yesno
 .text.getenv_default
                0x00000000178197d8       0x30 common/built-in.o
                0x00000000178197d8                getenv_default
 .text.set_default_env
                0x0000000017819808       0xc0 common/built-in.o
                0x0000000017819808                set_default_env
 .text.set_default_vars
                0x00000000178198c8       0x38 common/built-in.o
                0x00000000178198c8                set_default_vars
 .text.env_import
                0x0000000017819900       0xdc common/built-in.o
                0x0000000017819900                env_import
 .text.env_export
                0x00000000178199dc       0xa0 common/built-in.o
                0x00000000178199dc                env_export
 .text.env_relocate
                0x0000000017819a7c       0x2c common/built-in.o
                0x0000000017819a7c                env_relocate
 .text.env_complete
                0x0000000017819aa8       0xf0 common/built-in.o
                0x0000000017819aa8                env_complete
 .text.console_setfile
                0x0000000017819b98       0xc0 common/built-in.o
 .text.serial_printf
                0x0000000017819c58       0x44 common/built-in.o
                0x0000000017819c58                serial_printf
 .text.putc     0x0000000017819c9c       0x34 common/built-in.o
                0x0000000017819c9c                putc
 .text.puts     0x0000000017819cd0       0x34 common/built-in.o
                0x0000000017819cd0                puts
 .text.fgetc    0x0000000017819d04       0x24 common/built-in.o
                0x0000000017819d04                fgetc
 .text.getc     0x0000000017819d28       0x24 common/built-in.o
                0x0000000017819d28                getc
 .text.ftstc    0x0000000017819d4c       0x24 common/built-in.o
                0x0000000017819d4c                ftstc
 .text.tstc     0x0000000017819d70       0x24 common/built-in.o
                0x0000000017819d70                tstc
 .text.ctrlc    0x0000000017819d94       0x58 common/built-in.o
                0x0000000017819d94                ctrlc
 .text.confirm_yesno
                0x0000000017819dec       0xd4 common/built-in.o
                0x0000000017819dec                confirm_yesno
 .text.had_ctrlc
                0x0000000017819ec0       0x10 common/built-in.o
                0x0000000017819ec0                had_ctrlc
 .text.clear_ctrlc
                0x0000000017819ed0       0x14 common/built-in.o
                0x0000000017819ed0                clear_ctrlc
 .text.search_device
                0x0000000017819ee4       0x28 common/built-in.o
                0x0000000017819ee4                search_device
 .text.console_assign
                0x0000000017819f0c       0x48 common/built-in.o
                0x0000000017819f0c                console_assign
 .text.on_console
                0x0000000017819f54       0xb8 common/built-in.o
 .text.console_init_f
                0x000000001781a00c       0x10 common/built-in.o
                0x000000001781a00c                console_init_f
 .text.stdio_print_current_devices
                0x000000001781a01c       0xb0 common/built-in.o
                0x000000001781a01c                stdio_print_current_devices
 .text.console_init_r
                0x000000001781a0cc      0x194 common/built-in.o
                0x000000001781a0cc                console_init_r
 .text.sbrk     0x000000001781a260       0x6c common/built-in.o
                0x000000001781a260                sbrk
 .text.mem_malloc_init
                0x000000001781a2cc       0x34 common/built-in.o
                0x000000001781a2cc                mem_malloc_init
 .text.malloc_trim
                0x000000001781a300       0xcc common/built-in.o
                0x000000001781a300                malloc_trim
 .text.free     0x000000001781a3cc      0x24c common/built-in.o
                0x000000001781a3cc                free
 .text.malloc   0x000000001781a618      0x628 common/built-in.o
                0x000000001781a618                malloc
 .text.calloc   0x000000001781ac40      0x144 common/built-in.o
                0x000000001781ac40                calloc
 .text.realloc  0x000000001781ad84      0x4e0 common/built-in.o
                0x000000001781ad84                realloc
 .text.memalign
                0x000000001781b264      0x140 common/built-in.o
                0x000000001781b264                memalign
 .text.initf_malloc
                0x000000001781b3a4       0x18 common/built-in.o
                0x000000001781b3a4                initf_malloc
 .text.malloc_simple
                0x000000001781b3bc       0x30 common/built-in.o
                0x000000001781b3bc                malloc_simple
 .text.on_loadaddr
                0x000000001781b3ec       0x38 common/built-in.o
 .text.image_check_hcrc
                0x000000001781b424       0x4c common/built-in.o
                0x000000001781b424                image_check_hcrc
 .text.image_check_dcrc
                0x000000001781b470       0x38 common/built-in.o
                0x000000001781b470                image_check_dcrc
 .text.image_multi_count
                0x000000001781b4a8       0x1c common/built-in.o
                0x000000001781b4a8                image_multi_count
 .text.image_multi_getimg
                0x000000001781b4c4       0x80 common/built-in.o
                0x000000001781b4c4                image_multi_getimg
 .text.getenv_bootm_low
                0x000000001781b544       0x30 common/built-in.o
                0x000000001781b544                getenv_bootm_low
 .text.getenv_bootm_size
                0x000000001781b574       0x68 common/built-in.o
                0x000000001781b574                getenv_bootm_size
 .text.getenv_bootm_mapsize
                0x000000001781b5dc       0x30 common/built-in.o
                0x000000001781b5dc                getenv_bootm_mapsize
 .text.memmove_wd
                0x000000001781b60c        0xc common/built-in.o
                0x000000001781b60c                memmove_wd
 .text.genimg_print_size
                0x000000001781b618       0x30 common/built-in.o
                0x000000001781b618                genimg_print_size
 .text.get_table_entry
                0x000000001781b648       0x24 common/built-in.o
                0x000000001781b648                get_table_entry
 .text.get_table_entry_name
                0x000000001781b66c       0x20 common/built-in.o
                0x000000001781b66c                get_table_entry_name
 .text.genimg_get_os_name
                0x000000001781b68c       0x18 common/built-in.o
                0x000000001781b68c                genimg_get_os_name
 .text.genimg_get_arch_name
                0x000000001781b6a4       0x18 common/built-in.o
                0x000000001781b6a4                genimg_get_arch_name
 .text.genimg_get_type_name
                0x000000001781b6bc       0x18 common/built-in.o
                0x000000001781b6bc                genimg_get_type_name
 .text.genimg_get_comp_name
                0x000000001781b6d4       0x18 common/built-in.o
                0x000000001781b6d4                genimg_get_comp_name
 .text.image_print_contents
                0x000000001781b6ec      0x178 common/built-in.o
                0x000000001781b6ec                image_print_contents
 .text.genimg_get_kernel_addr_fit
                0x000000001781b864       0x24 common/built-in.o
                0x000000001781b864                genimg_get_kernel_addr_fit
 .text.genimg_get_format
                0x000000001781b888       0x34 common/built-in.o
                0x000000001781b888                genimg_get_format
 .text.genimg_get_image
                0x000000001781b8bc        0x4 common/built-in.o
                0x000000001781b8bc                genimg_get_image
 .text.genimg_has_config
                0x000000001781b8c0        0x8 common/built-in.o
                0x000000001781b8c0                genimg_has_config
 .text.boot_get_ramdisk
                0x000000001781b8c8      0x274 common/built-in.o
                0x000000001781b8c8                boot_get_ramdisk
 .text.boot_ramdisk_high
                0x000000001781bb3c      0x144 common/built-in.o
                0x000000001781bb3c                boot_ramdisk_high
 .text.boot_get_setup
                0x000000001781bc80        0x8 common/built-in.o
                0x000000001781bc80                boot_get_setup
 .text.image_setup_linux
                0x000000001781bc88       0x8c common/built-in.o
                0x000000001781bc88                image_setup_linux
 .text.fdt_error
                0x000000001781bd14       0x2c common/built-in.o
 .text.boot_fdt_add_mem_rsv_regions
                0x000000001781bd40       0x88 common/built-in.o
                0x000000001781bd40                boot_fdt_add_mem_rsv_regions
 .text.boot_relocate_fdt
                0x000000001781bdc8      0x198 common/built-in.o
                0x000000001781bdc8                boot_relocate_fdt
 .text.boot_get_fdt
                0x000000001781bf60      0x2ac common/built-in.o
                0x000000001781bf60                boot_get_fdt
 .text.ft_verify_fdt
                0x000000001781c20c        0x8 common/built-in.o
                0x000000001781c20c                ft_verify_fdt
 .text.image_setup_libfdt
                0x000000001781c214      0x100 common/built-in.o
                0x000000001781c214                image_setup_libfdt
 .text.get_effective_memsize
                0x000000001781c314        0x8 common/built-in.o
                0x000000001781c314                get_effective_memsize
 .text.nulldev_putc
                0x000000001781c31c        0x4 common/built-in.o
 .text.nulldev_puts
                0x000000001781c320        0x4 common/built-in.o
 .text.nulldev_input
                0x000000001781c324        0x8 common/built-in.o
 .text.stdio_serial_tstc
                0x000000001781c32c        0x4 common/built-in.o
 .text.stdio_serial_getc
                0x000000001781c330        0x4 common/built-in.o
 .text.stdio_serial_puts
                0x000000001781c334        0x8 common/built-in.o
 .text.stdio_serial_putc
                0x000000001781c33c        0x8 common/built-in.o
 .text.stdio_get_list
                0x000000001781c344        0xc common/built-in.o
                0x000000001781c344                stdio_get_list
 .text.stdio_get_by_name
                0x000000001781c350       0x5c common/built-in.o
                0x000000001781c350                stdio_get_by_name
 .text.stdio_clone
                0x000000001781c3ac       0x38 common/built-in.o
                0x000000001781c3ac                stdio_clone
 .text.stdio_register_dev
                0x000000001781c3e4       0x50 common/built-in.o
                0x000000001781c3e4                stdio_register_dev
 .text.stdio_register
                0x000000001781c434        0x8 common/built-in.o
                0x000000001781c434                stdio_register
 .text.stdio_init_tables
                0x000000001781c43c       0x1c common/built-in.o
                0x000000001781c43c                stdio_init_tables
 .text.stdio_add_devices
                0x000000001781c458       0xd4 common/built-in.o
                0x000000001781c458                stdio_add_devices
 .text.run_command
                0x000000001781c52c       0x10 common/built-in.o
                0x000000001781c52c                run_command
 .text.run_command_list
                0x000000001781c53c       0x7c common/built-in.o
                0x000000001781c53c                run_command_list
 .text.do_run   0x000000001781c5b8       0x78 common/built-in.o
                0x000000001781c5b8                do_run
 .text.cli_loop
                0x000000001781c630        0xc common/built-in.o
                0x000000001781c630                cli_loop
 .text.cli_init
                0x000000001781c63c        0x4 common/built-in.o
                0x000000001781c63c                cli_init
 .text.delete_char.part.0
                0x000000001781c640       0xd0 common/built-in.o
 .text.cread_add_char
                0x000000001781c710       0xe8 common/built-in.o
 .text.cli_readline_into_buffer
                0x000000001781c7f8      0x9c0 common/built-in.o
                0x000000001781c7f8                cli_readline_into_buffer
 .text.cli_readline
                0x000000001781d1b8       0x14 common/built-in.o
                0x000000001781d1b8                cli_readline
 .text.find_cmd_tbl
                0x000000001781d1cc       0xa4 common/built-in.o
                0x000000001781d1cc                find_cmd_tbl
 .text.find_cmd
                0x000000001781d270       0x28 common/built-in.o
                0x000000001781d270                find_cmd
 .text.cmd_usage
                0x000000001781d298       0x5c common/built-in.o
                0x000000001781d298                cmd_usage
 .text._do_help
                0x000000001781d2f4      0x178 common/built-in.o
                0x000000001781d2f4                _do_help
 .text.var_complete
                0x000000001781d46c       0x84 common/built-in.o
                0x000000001781d46c                var_complete
 .text.cmd_auto_complete
                0x000000001781d4f0      0x4b4 common/built-in.o
                0x000000001781d4f0                cmd_auto_complete
 .text.cmd_get_data_size
                0x000000001781d9a4       0x5c common/built-in.o
                0x000000001781d9a4                cmd_get_data_size
 .text.cmd_process
                0x000000001781da00       0xec common/built-in.o
                0x000000001781da00                cmd_process
 .text.cmd_process_error
                0x000000001781daec       0x30 common/built-in.o
                0x000000001781daec                cmd_process_error
 .text.hex1_bin
                0x000000001781db1c       0x40 common/built-in.o
 .text.hex2_bin
                0x000000001781db5c       0x38 common/built-in.o
 .text.srec_decode
                0x000000001781db94      0x254 common/built-in.o
                0x000000001781db94                srec_decode
 .text.CYGACC_COMM_IF_GETC_TIMEOUT.isra.0
                0x000000001781dde8       0x5c common/built-in.o
 .text.xyzModem_flush
                0x000000001781de44       0x1c common/built-in.o
 .text.xyzModem_get_hdr
                0x000000001781de60      0x230 common/built-in.o
 .text.xyzModem_stream_open
                0x000000001781e090      0x224 common/built-in.o
                0x000000001781e090                xyzModem_stream_open
 .text.xyzModem_stream_read
                0x000000001781e2b4      0x254 common/built-in.o
                0x000000001781e2b4                xyzModem_stream_read
 .text.xyzModem_stream_close
                0x000000001781e508       0x54 common/built-in.o
                0x000000001781e508                xyzModem_stream_close
 .text.xyzModem_stream_terminate
                0x000000001781e55c       0x94 common/built-in.o
                0x000000001781e55c                xyzModem_stream_terminate
 .text.xyzModem_error
                0x000000001781e5f0       0x20 common/built-in.o
                0x000000001781e5f0                xyzModem_error
 .text.get_dev_hwpart
                0x000000001781e610       0xa8 disk/built-in.o
 .text.get_dev  0x000000001781e6b8        0x8 disk/built-in.o
                0x000000001781e6b8                get_dev
 .text.dev_print
                0x000000001781e6c0      0x20c disk/built-in.o
                0x000000001781e6c0                dev_print
 .text.init_part
                0x000000001781e8cc       0x20 disk/built-in.o
                0x000000001781e8cc                init_part
 .text.print_part
                0x000000001781e8ec       0xf4 disk/built-in.o
                0x000000001781e8ec                print_part
 .text.get_partition_info
                0x000000001781e9e0       0x2c disk/built-in.o
                0x000000001781e9e0                get_partition_info
 .text.get_device
                0x000000001781ea0c      0x128 disk/built-in.o
                0x000000001781ea0c                get_device
 .text.get_device_and_partition
                0x000000001781eb34      0x3f8 disk/built-in.o
                0x000000001781eb34                get_device_and_partition
 .text.test_block_type
                0x000000001781ef2c       0x84 disk/built-in.o
 .text.print_partition_extended
                0x000000001781efb0      0x274 disk/built-in.o
 .text.get_partition_info_extended.constprop.1
                0x000000001781f224      0x2fc disk/built-in.o
 .text.test_part_dos
                0x000000001781f520       0x60 disk/built-in.o
                0x000000001781f520                test_part_dos
 .text.print_part_dos
                0x000000001781f580       0x34 disk/built-in.o
                0x000000001781f580                print_part_dos
 .text.get_partition_info_dos
                0x000000001781f5b4       0x20 disk/built-in.o
                0x000000001781f5b4                get_partition_info_dos
 .text.alloc_priv
                0x000000001781f5d4       0x48 drivers/built-in.o
 .text.device_bind
                0x000000001781f61c      0x304 drivers/built-in.o
                0x000000001781f61c                device_bind
 .text.device_bind_by_name
                0x000000001781f920       0x60 drivers/built-in.o
                0x000000001781f920                device_bind_by_name
 .text.device_probe
                0x000000001781f980      0x234 drivers/built-in.o
                0x000000001781f980                device_probe
 .text.dev_get_platdata
                0x000000001781fbb4       0x34 drivers/built-in.o
                0x000000001781fbb4                dev_get_platdata
 .text.dev_get_priv
                0x000000001781fbe8       0x34 drivers/built-in.o
                0x000000001781fbe8                dev_get_priv
 .text.lists_driver_lookup_name
                0x000000001781fc1c       0x4c drivers/built-in.o
                0x000000001781fc1c                lists_driver_lookup_name
 .text.lists_uclass_lookup
                0x000000001781fc68       0x3c drivers/built-in.o
                0x000000001781fc68                lists_uclass_lookup
 .text.lists_bind_drivers
                0x000000001781fca4       0x88 drivers/built-in.o
                0x000000001781fca4                lists_bind_drivers
 .text.dm_root  0x000000001781fd2c       0x2c drivers/built-in.o
                0x000000001781fd2c                dm_root
 .text.dm_init  0x000000001781fd58       0x58 drivers/built-in.o
                0x000000001781fd58                dm_init
 .text.dm_scan_platdata
                0x000000001781fdb0       0x2c drivers/built-in.o
                0x000000001781fdb0                dm_scan_platdata
 .text.dm_scan_other
                0x000000001781fddc        0x8 drivers/built-in.o
                0x000000001781fddc                dm_scan_other
 .text.dm_init_and_scan
                0x000000001781fde4       0x30 drivers/built-in.o
                0x000000001781fde4                dm_init_and_scan
 .text.uclass_find
                0x000000001781fe14       0x4c drivers/built-in.o
                0x000000001781fe14                uclass_find
 .text.uclass_get
                0x000000001781fe60      0x124 drivers/built-in.o
                0x000000001781fe60                uclass_get
 .text.uclass_find_device
                0x000000001781ff84       0x74 drivers/built-in.o
                0x000000001781ff84                uclass_find_device
 .text.uclass_find_device_by_seq
                0x000000001781fff8       0x7c drivers/built-in.o
                0x000000001781fff8                uclass_find_device_by_seq
 .text.uclass_get_device_tail
                0x0000000017820074       0x2c drivers/built-in.o
                0x0000000017820074                uclass_get_device_tail
 .text.uclass_get_device
                0x00000000178200a0       0x30 drivers/built-in.o
                0x00000000178200a0                uclass_get_device
 .text.uclass_bind_device
                0x00000000178200d0       0x7c drivers/built-in.o
                0x00000000178200d0                uclass_bind_device
 .text.uclass_unbind_device
                0x000000001782014c       0x4c drivers/built-in.o
                0x000000001782014c                uclass_unbind_device
 .text.uclass_resolve_seq
                0x0000000017820198       0xb0 drivers/built-in.o
                0x0000000017820198                uclass_resolve_seq
 .text.uclass_pre_probe_device
                0x0000000017820248       0x64 drivers/built-in.o
                0x0000000017820248                uclass_pre_probe_device
 .text.uclass_post_probe_device
                0x00000000178202ac       0x20 drivers/built-in.o
                0x00000000178202ac                uclass_post_probe_device
 .text.uclass_pre_remove_device
                0x00000000178202cc       0x20 drivers/built-in.o
                0x00000000178202cc                uclass_pre_remove_device
 .text.dm_warn  0x00000000178202ec       0x28 drivers/built-in.o
                0x00000000178202ec                dm_warn
 .text.device_free
                0x0000000017820314       0x90 drivers/built-in.o
                0x0000000017820314                device_free
 .text.device_remove
                0x00000000178203a4      0x138 drivers/built-in.o
                0x00000000178203a4                device_remove
 .text.show_devices
                0x00000000178204dc       0xfc drivers/built-in.o
 .text.dm_dump_all
                0x00000000178205d8       0x3c drivers/built-in.o
                0x00000000178205d8                dm_dump_all
 .text.dm_dump_uclass
                0x0000000017820614       0xdc drivers/built-in.o
                0x0000000017820614                dm_dump_uclass
 .text.finish_access
                0x00000000178206f0       0x2c drivers/built-in.o
 .text.setup_direct_access
                0x000000001782071c      0x120 drivers/built-in.o
 .text.prepare_access
                0x000000001782083c       0xcc drivers/built-in.o
 .text.fuse_bank_physical
                0x0000000017820908       0xd4 drivers/built-in.o
                0x0000000017820908                fuse_bank_physical
 .text.fuse_word_physical
                0x00000000178209dc       0x40 drivers/built-in.o
                0x00000000178209dc                fuse_word_physical
 .text.fuse_read
                0x0000000017820a1c       0x80 drivers/built-in.o
                0x0000000017820a1c                fuse_read
 .text.fuse_sense
                0x0000000017820a9c       0x94 drivers/built-in.o
                0x0000000017820a9c                fuse_sense
 .text.fuse_prog
                0x0000000017820b30       0x88 drivers/built-in.o
                0x0000000017820b30                fuse_prog
 .text.fuse_override
                0x0000000017820bb8       0x78 drivers/built-in.o
                0x0000000017820bb8                fuse_override